// Jest Snapshot v1, https://goo.gl/fbAQLP

exports[`server integration 1`] = `"[\\"1\\"]"`;
